# Mapping file for Kontrapunkt Pro project directory
# Copyright 2012 Grzegorz Rolek
#
# Moves glyphs' advance or the glyphs themselves within their em-boxes.
# See Adobe's AFDKO Tutorial for the full spec.
#
# Input name Output name New advance Shift X Shift Y

.notdef .notdef None 0 0
space space None 0 0
NUL NUL None 0 0
Eth Eth None 0 0
eth eth None 0 0
Lslash Lslash None 0 0
lslash lslash None 0 0
Scaron Scaron None 0 0
scaron scaron None 0 0
Yacute Yacute None 0 0
yacute yacute None 0 0
HT HT None 0 0
LF LF None 0 0
Thorn Thorn None 0 0
thorn thorn None 0 0
CR CR None 0 0
Zcaron Zcaron None 0 0
zcaron zcaron None 0 0
DLE DLE None 0 0
DC2 DC2 None 0 0
DC3 DC3 None 0 0
onehalf onehalf None 0 0
onequarter onequarter None 0 0
onesuperior onesuperior None 0 0
threequarters threequarters None 0 0
threesuperior threesuperior None 0 0
twosuperior twosuperior None 0 0
brokenbar brokenbar None 0 0
minus minus None 0 0
multiply multiply None 0 0
exclam exclam None 0 0
quotedbl quotedbl None 0 0
numbersign numbersign None 0 0
dollar dollar None 0 0
percent percent None 0 0
ampersand ampersand None 0 0
quotesingle quotesingle None 0 0
parenleft parenleft None 0 0
parenright parenright None 0 0
asterisk asterisk None 0 0
plus plus None 0 0
comma comma None 0 0
hyphen hyphen None 0 0
period period None 0 0
slash slash None 0 0
zero zero None 0 0
one one None 0 0
two two None 0 0
three three None 0 0
four four None 0 0
five five None 0 0
six six None 0 0
seven seven None 0 0
eight eight None 0 0
nine nine None 0 0
colon colon None 0 0
semicolon semicolon None 0 0
less less None 0 0
equal equal None 0 0
greater greater None 0 0
question question None 0 0
at at None 0 -100
A A None 0 0
B B None 0 0
C C None 0 0
D D None 0 0
E E None 0 0
F F None 0 0
G G None 0 0
H H None 0 0
I I None 0 0
J J None 0 0
K K None 0 0
L L None 0 0
M M None 0 0
N N None 0 0
O O None 0 0
P P None 0 0
Q Q None 0 0
R R None 0 0
S S None 0 0
T T None 0 0
U U None 0 0
V V None 0 0
W W None 0 0
X X None 0 0
Y Y None 0 0
Z Z None 0 0
bracketleft bracketleft None 0 0
backslash backslash None 0 0
bracketright bracketright None 0 0
asciicircum asciicircum None 0 0
underscore underscore None 0 0
grave grave None 0 0
a a None 0 0
b b None 0 0
c c None 0 0
d d None 0 0
e e None 0 0
f f None 0 0
g g None 0 0
h h None 0 0
i i None 0 0
j j None 0 0
k k None 0 0
l l None 0 0
m m None 0 0
n n None 0 0
o o None 0 0
p p None 0 0
q q None 0 0
r r None 0 0
s s None 0 0
t t None 0 0
u u None 0 0
v v None 0 0
w w None 0 0
x x None 0 0
y y None 0 0
z z None 0 0
braceleft braceleft None 0 0
bar bar None 0 0
braceright braceright None 0 0
asciitilde asciitilde None 0 0
DEL DEL None 0 0
Adieresis Adieresis None 0 0
Aring Aring None 0 0
Ccedilla Ccedilla None 0 0
Eacute Eacute None 0 0
Ntilde Ntilde None 0 0
Odieresis Odieresis None 0 0
Udieresis Udieresis None 0 0
aacute aacute None 0 0
agrave agrave None 0 0
acircumflex acircumflex None 0 0
adieresis adieresis None 0 0
atilde atilde None 0 0
aring aring None 0 0
ccedilla ccedilla None 0 0
eacute eacute None 0 0
egrave egrave None 0 0
ecircumflex ecircumflex None 0 0
edieresis edieresis None 0 0
iacute iacute None 0 0
igrave igrave None 0 0
icircumflex icircumflex None 0 0
idieresis idieresis None 0 0
ntilde ntilde None 0 0
oacute oacute None 0 0
ograve ograve None 0 0
ocircumflex ocircumflex None 0 0
odieresis odieresis None 0 0
otilde otilde None 0 0
uacute uacute None 0 0
ugrave ugrave None 0 0
ucircumflex ucircumflex None 0 0
udieresis udieresis None 0 0
dagger dagger None 0 0
degree degree None 0 0
cent cent None 0 0
sterling sterling None 0 0
section section None 0 0
bullet bullet None 0 0
paragraph paragraph None 0 0
germandbls germandbls None 0 0
registered registered None 0 0
copyright copyright None 0 0
trademark trademark None 0 0
acute acute None 0 0
dieresis dieresis None 0 0
notequal notequal None 0 0
AE AE None 0 0
Oslash Oslash None 0 0
infinity infinity None 0 0
plusminus plusminus None 0 0
lessequal lessequal None 0 0
greaterequal greaterequal None 0 0
yen yen None 0 0
mu mu None 0 0
partialdiff partialdiff None 0 0
summation summation None 0 0
product product None 0 0
pi pi None 0 0
integral integral None 0 0
ordfeminine ordfeminine None 0 0
ordmasculine ordmasculine None 0 0
Omega Omega None 0 0
ae ae None 0 0
oslash oslash None 0 0
questiondown questiondown None 0 -200
exclamdown exclamdown None 0 -200
logicalnot logicalnot None 0 0
radical radical None 0 0
florin florin None 0 0
approxequal approxequal None 0 0
Delta Delta None 0 0
guillemotleft guillemotleft None 0 -20
guillemotright guillemotright None 0 -20
ellipsis ellipsis None 0 0
nbspace nbspace None 0 0
Agrave Agrave None 0 0
Atilde Atilde None 0 0
Otilde Otilde None 0 0
OE OE None 0 0
oe oe None 0 0
endash endash None 0 0
emdash emdash None 0 0
quotedblleft quotedblleft None 0 0
quotedblright quotedblright None 0 0
quoteleft quoteleft None 0 0
quoteright quoteright None 0 0
divide divide None 0 0
lozenge lozenge None 0 0
ydieresis ydieresis None 0 0
Ydieresis Ydieresis None 0 0
fraction fraction None 0 0
currency currency None 0 0
guilsinglleft guilsinglleft None 0 -20
guilsinglright guilsinglright None 0 -20
fi fi None 0 0
fl fl None 0 0
daggerdbl daggerdbl None 0 0
periodcentered periodcentered None 0 -90
quotesinglbase quotesinglbase None 0 0
quotedblbase quotedblbase None 0 0
perthousand perthousand None 0 0
Acircumflex Acircumflex None 0 0
Ecircumflex Ecircumflex None 0 0
Aacute Aacute None 0 0
Edieresis Edieresis None 0 0
Egrave Egrave None 0 0
Iacute Iacute None 0 0
Icircumflex Icircumflex None 0 0
Idieresis Idieresis None 0 0
Igrave Igrave None 0 0
Oacute Oacute None 0 0
Ocircumflex Ocircumflex None 0 0
apple apple None 0 0
Ograve Ograve None 0 0
Uacute Uacute None 0 0
Ucircumflex Ucircumflex None 0 0
Ugrave Ugrave None 0 0
dotlessi dotlessi None 0 0
circumflex circumflex None 0 0
tilde tilde None 0 0
macron macron None 0 0
breve breve None 0 0
dotaccent dotaccent None 0 0
ring ring None 0 0
cedilla cedilla None 0 0
hungarumlaut hungarumlaut None 0 0
ogonek ogonek None 0 0
caron caron None 0 0
Euro Euro None 0 0
Sacute Sacute None 0 0
Tcaron Tcaron None 0 0
Zacute Zacute None 0 0
sacute sacute None 0 0
tcaron tcaron None 0 0
zacute zacute None 0 0
Aogonek Aogonek None 0 0
Scedilla Scedilla None 0 0
Zdotaccent Zdotaccent None 0 0
aogonek aogonek None 0 0
scedilla scedilla None 0 0
Lcaron Lcaron None 0 0
lcaron lcaron None 0 0
zdotaccent zdotaccent None 0 0
Racute Racute None 0 0
Abreve Abreve None 0 0
Lacute Lacute None 0 0
Cacute Cacute None 0 0
Ccaron Ccaron None 0 0
Eogonek Eogonek None 0 0
Ecaron Ecaron None 0 0
Dcaron Dcaron None 0 0
Nacute Nacute None 0 0
Ncaron Ncaron None 0 0
Ohungarumlaut Ohungarumlaut None 0 0
Rcaron Rcaron None 0 0
Uring Uring None 0 0
Uhungarumlaut Uhungarumlaut None 0 0
Tcedilla Tcedilla None 0 0
racute racute None 0 0
abreve abreve None 0 0
lacute lacute None 0 0
cacute cacute None 0 0
ccaron ccaron None 0 0
eogonek eogonek None 0 0
ecaron ecaron None 0 0
dcaron dcaron None 0 0
nacute nacute None 0 0
ncaron ncaron None 0 0
ohungarumlaut ohungarumlaut None 0 0
rcaron rcaron None 0 0
uring uring None 0 0
uhungarumlaut uhungarumlaut None 0 0
tcedilla tcedilla None 0 0
exclamsmall exclamsmall None 0 0
Hungarumlautsmall Hungarumlautsmall None 0 0
dollaroldstyle dollaroldstyle None 0 0
dollarsuperior dollarsuperior None 0 0
ampersandsmall ampersandsmall None 0 0
Acutesmall Acutesmall None 0 0
parenleftsuperior parenleftsuperior None 0 0
parenrightsuperior parenrightsuperior None 0 0
twodotenleader twodotenleader None 0 0
onedotenleader onedotenleader None 0 0
zerooldstyle zerooldstyle None 0 0
oneoldstyle oneoldstyle None 0 0
twooldstyle twooldstyle None 0 0
threeoldstyle threeoldstyle None 0 0
fouroldstyle fouroldstyle None 0 0
fiveoldstyle fiveoldstyle None 0 0
sixoldstyle sixoldstyle None 0 0
sevenoldstyle sevenoldstyle None 0 0
eightoldstyle eightoldstyle None 0 0
nineoldstyle nineoldstyle None 0 0
commasuperior commasuperior None 0 0
threequartersemdash threequartersemdash None 0 0
periodsuperior periodsuperior None 0 0
questionsmall questionsmall None 0 0
asuperior asuperior None 0 0
bsuperior bsuperior None 0 0
centsuperior centsuperior None 0 0
dsuperior dsuperior None 0 0
esuperior esuperior None 0 0
isuperior isuperior None 0 0
lsuperior lsuperior None 0 0
msuperior msuperior None 0 0
nsuperior nsuperior None 0 0
osuperior osuperior None 0 0
rsuperior rsuperior None 0 0
ssuperior ssuperior None 0 0
tsuperior tsuperior None 0 0
ff ff None 0 0
ffi ffi None 0 0
ffl ffl None 0 0
parenleftinferior parenleftinferior None 0 0
parenrightinferior parenrightinferior None 0 0
Circumflexsmall Circumflexsmall None 0 0
hyphensuperior hyphensuperior None 0 0
Gravesmall Gravesmall None 0 0
Asmall Asmall None 0 0
Bsmall Bsmall None 0 0
Csmall Csmall None 0 0
Dsmall Dsmall None 0 0
Esmall Esmall None 0 0
Fsmall Fsmall None 0 0
Gsmall Gsmall None 0 0
Hsmall Hsmall None 0 0
Ismall Ismall None 0 0
Jsmall Jsmall None 0 0
Ksmall Ksmall None 0 0
Lsmall Lsmall None 0 0
Msmall Msmall None 0 0
Nsmall Nsmall None 0 0
Osmall Osmall None 0 0
Psmall Psmall None 0 0
Qsmall Qsmall None 0 0
Rsmall Rsmall None 0 0
Ssmall Ssmall None 0 0
Tsmall Tsmall None 0 0
Usmall Usmall None 0 0
Vsmall Vsmall None 0 0
Wsmall Wsmall None 0 0
Xsmall Xsmall None 0 0
Ysmall Ysmall None 0 0
Zsmall Zsmall None 0 0
colonmonetary colonmonetary None 0 0
onefitted onefitted None 0 0
rupiah rupiah None 0 0
Tildesmall Tildesmall None 0 0
exclamdownsmall exclamdownsmall None 0 0
centoldstyle centoldstyle None 0 0
Lslashsmall Lslashsmall None 0 0
Scaronsmall Scaronsmall None 0 0
Zcaronsmall Zcaronsmall None 0 0
Dieresissmall Dieresissmall None 0 0
Brevesmall Brevesmall None 0 0
Caronsmall Caronsmall None 0 0
Dotaccentsmall Dotaccentsmall None 0 0
Macronsmall Macronsmall None 0 0
figuredash figuredash None 0 0
hypheninferior hypheninferior None 0 0
Ogoneksmall Ogoneksmall None 0 0
Ringsmall Ringsmall None 0 0
Cedillasmall Cedillasmall None 0 0
questiondownsmall questiondownsmall None 0 0
oneeighth oneeighth None 0 0
threeeighths threeeighths None 0 0
fiveeighths fiveeighths None 0 0
seveneighths seveneighths None 0 0
onethird onethird None 0 0
twothirds twothirds None 0 0
zerosuperior zerosuperior None 0 0
foursuperior foursuperior None 0 0
fivesuperior fivesuperior None 0 0
sixsuperior sixsuperior None 0 0
sevensuperior sevensuperior None 0 0
eightsuperior eightsuperior None 0 0
ninesuperior ninesuperior None 0 0
zeroinferior zeroinferior None 0 0
oneinferior oneinferior None 0 0
twoinferior twoinferior None 0 0
threeinferior threeinferior None 0 0
fourinferior fourinferior None 0 0
fiveinferior fiveinferior None 0 0
sixinferior sixinferior None 0 0
seveninferior seveninferior None 0 0
eightinferior eightinferior None 0 0
nineinferior nineinferior None 0 0
centinferior centinferior None 0 0
dollarinferior dollarinferior None 0 0
periodinferior periodinferior None 0 0
commainferior commainferior None 0 0
Agravesmall Agravesmall None 0 0
Aacutesmall Aacutesmall None 0 0
Acircumflexsmall Acircumflexsmall None 0 0
Atildesmall Atildesmall None 0 0
Adieresissmall Adieresissmall None 0 0
Aringsmall Aringsmall None 0 0
AEsmall AEsmall None 0 0
Ccedillasmall Ccedillasmall None 0 0
Egravesmall Egravesmall None 0 0
Eacutesmall Eacutesmall None 0 0
Ecircumflexsmall Ecircumflexsmall None 0 0
Edieresissmall Edieresissmall None 0 0
Igravesmall Igravesmall None 0 0
Iacutesmall Iacutesmall None 0 0
Icircumflexsmall Icircumflexsmall None 0 0
Idieresissmall Idieresissmall None 0 0
Ethsmall Ethsmall None 0 0
Ntildesmall Ntildesmall None 0 0
Ogravesmall Ogravesmall None 0 0
Oacutesmall Oacutesmall None 0 0
Ocircumflexsmall Ocircumflexsmall None 0 0
Otildesmall Otildesmall None 0 0
Odieresissmall Odieresissmall None 0 0
OEsmall OEsmall None 0 0
Oslashsmall Oslashsmall None 0 0
Ugravesmall Ugravesmall None 0 0
Uacutesmall Uacutesmall None 0 0
Ucircumflexsmall Ucircumflexsmall None 0 0
Udieresissmall Udieresissmall None 0 0
Yacutesmall Yacutesmall None 0 0
Thornsmall Thornsmall None 0 0
Ydieresissmall Ydieresissmall None 0 0
